18:02:25 device: Tesla T4 (15.6 GB)
18:02:26 opened packed cache: 3028 fonts, 227100 glyphs
18:02:26 corpus: 2567 train fonts, 75 glyphs, image 128px
18:02:26 val set: 2040 glyphs from 40 fonts
18:02:26 generator: 31.36M params
18:03:32 step    100/24000 | l1 0.6797 dice 0.7894 g 8.6761 | 49 img/s
18:04:02 step    200/24000 | l1 0.2929 dice 0.5935 g 4.2433 | 109 img/s
18:04:31 step    300/24000 | l1 0.2783 dice 0.5683 g 4.0093 | 109 img/s
18:05:00 step    400/24000 | l1 0.2468 dice 0.5548 g 3.6579 | 110 img/s
18:05:29 step    500/24000 | l1 0.2237 dice 0.5276 g 3.3639 | 109 img/s
18:05:59 step    600/24000 | l1 0.2177 dice 0.5264 g 3.2991 | 109 img/s
18:06:28 step    700/24000 | l1 0.2223 dice 0.5299 g 3.3485 | 110 img/s
18:06:57 step    800/24000 | l1 0.2181 dice 0.5232 g 3.2910 | 110 img/s
18:07:26 step    900/24000 | l1 0.2193 dice 0.5156 g 3.2864 | 109 img/s
18:07:55 step   1000/24000 | l1 0.2175 dice 0.5179 g 3.2719 | 110 img/s
18:08:25 step   1100/24000 | l1 0.2140 dice 0.5131 g 3.2283 | 109 img/s
18:08:54 step   1200/24000 | l1 0.2090 dice 0.5053 g 3.1627 | 110 img/s
18:09:23 step   1300/24000 | l1 0.2122 dice 0.5012 g 3.1822 | 110 img/s
18:09:52 step   1400/24000 | l1 0.2076 dice 0.5033 g 3.1407 | 109 img/s
18:10:21 step   1500/24000 | l1 0.2023 dice 0.4943 g 3.0703 | 110 img/s
18:10:51 step   1600/24000 | l1 0.2050 dice 0.4935 g 3.0944 | 109 img/s
18:11:20 step   1700/24000 | l1 0.1982 dice 0.4906 g 3.0204 | 110 img/s
18:11:49 step   1800/24000 | l1 0.2012 dice 0.4896 g 3.0510 | 109 img/s
18:12:19 step   1900/24000 | l1 0.2007 dice 0.4884 g 3.0435 | 109 img/s
18:12:50 step   2000/24000 | l1 0.2040 dice 0.4811 g 3.0612 | 103 img/s
18:13:01   eval @ 2000 | IoU 0.4268  L1 0.0618  coverage 1.491
18:13:02   new best IoU 0.4268
18:13:35 step   2100/24000 | l1 0.1942 dice 0.4829 g 2.9644 | 70 img/s
18:14:05 step   2200/24000 | l1 0.1934 dice 0.4766 g 2.9452 | 109 img/s
18:14:34 step   2300/24000 | l1 0.1929 dice 0.4750 g 2.9351 | 110 img/s
18:15:03 step   2400/24000 | l1 0.1896 dice 0.4744 g 2.8992 | 110 img/s
18:15:32 step   2500/24000 | l1 0.1844 dice 0.4717 g 2.8409 | 110 img/s
18:16:01 step   2600/24000 | l1 0.1909 dice 0.4742 g 2.9138 | 109 img/s
18:16:31 step   2700/24000 | l1 0.1847 dice 0.4683 g 2.8364 | 110 img/s
18:17:00 step   2800/24000 | l1 0.1843 dice 0.4727 g 2.8422 | 109 img/s
18:17:29 step   2900/24000 | l1 0.1814 dice 0.4608 g 2.7871 | 109 img/s
18:17:58 step   3000/24000 | l1 0.1814 dice 0.4689 g 2.8050 | 110 img/s
18:18:28 step   3100/24000 | l1 0.1817 dice 0.4584 g 2.7864 | 109 img/s
18:18:57 step   3200/24000 | l1 0.1779 dice 0.4518 g 2.7347 | 110 img/s
18:19:26 step   3300/24000 | l1 0.1756 dice 0.4510 g 2.7094 | 109 img/s
18:19:55 step   3400/24000 | l1 0.1780 dice 0.4510 g 2.7351 | 109 img/s
18:20:24 step   3500/24000 | l1 0.1768 dice 0.4531 g 2.7265 | 110 img/s
18:20:53 step   3600/24000 | l1 0.1782 dice 0.4554 g 2.7460 | 111 img/s
18:21:23 step   3700/24000 | l1 0.1754 dice 0.4494 g 2.7039 | 109 img/s
18:21:52 step   3800/24000 | l1 0.1726 dice 0.4478 g 2.6739 | 110 img/s
18:22:21 step   3900/24000 | l1 0.1771 dice 0.4497 g 2.7241 | 110 img/s
18:22:51 step   4000/24000 | l1 0.1709 dice 0.4403 g 2.6407 | 109 img/s
18:22:58   eval @ 4000 | IoU 0.4723  L1 0.0565  coverage 1.488
18:23:10   new best IoU 0.4723
18:23:42 step   4100/24000 | l1 0.1741 dice 0.4501 g 2.6937 | 62 img/s
18:24:12 step   4200/24000 | l1 0.1720 dice 0.4416 g 2.6542 | 108 img/s
18:24:41 step   4300/24000 | l1 0.1695 dice 0.4349 g 2.6138 | 110 img/s
18:25:10 step   4400/24000 | l1 0.1722 dice 0.4440 g 2.6645 | 109 img/s
18:25:40 step   4500/24000 | l1 0.1738 dice 0.4387 g 2.6675 | 110 img/s
18:26:15 step   4600/24000 | l1 0.1725 dice 0.4365 g 2.6469 | 92 img/s
18:26:44 step   4700/24000 | l1 0.1666 dice 0.4353 g 2.5881 | 109 img/s
18:27:13 step   4800/24000 | l1 0.1687 dice 0.4303 g 2.5995 | 109 img/s
18:27:43 step   4900/24000 | l1 0.1709 dice 0.4373 g 2.6357 | 109 img/s
18:28:12 step   5000/24000 | l1 0.1651 dice 0.4327 g 2.5682 | 109 img/s
18:28:41 step   5100/24000 | l1 0.1671 dice 0.4417 g 2.6051 | 110 img/s
18:29:11 step   5200/24000 | l1 0.1675 dice 0.4308 g 2.5869 | 109 img/s
18:29:40 step   5300/24000 | l1 0.1683 dice 0.4321 g 2.5995 | 109 img/s
18:30:09 step   5400/24000 | l1 0.1663 dice 0.4244 g 2.5632 | 109 img/s
18:30:38 step   5500/24000 | l1 0.1681 dice 0.4322 g 2.5975 | 110 img/s
18:31:07 step   5600/24000 | l1 0.1668 dice 0.4320 g 2.5842 | 110 img/s
18:31:37 step   5700/24000 | l1 0.1629 dice 0.4227 g 2.5247 | 110 img/s
18:32:06 step   5800/24000 | l1 0.1637 dice 0.4278 g 2.5426 | 109 img/s
18:32:35 step   5900/24000 | l1 0.1648 dice 0.4245 g 2.5467 | 109 img/s
18:33:05 step   6000/24000 | l1 0.1596 dice 0.4197 g 2.4861 | 109 img/s
18:33:13   eval @ 6000 | IoU 0.4818  L1 0.0559  coverage 1.502
18:33:20   new best IoU 0.4818
18:33:55 step   6100/24000 | l1 0.1616 dice 0.4203 g 2.5064 | 64 img/s
18:34:24 step   6200/24000 | l1 0.1644 dice 0.4298 g 2.5553 | 108 img/s
18:34:54 step   6300/24000 | l1 0.1583 dice 0.4212 g 2.4740 | 109 img/s
18:35:23 step   6400/24000 | l1 0.1644 dice 0.4317 g 2.5614 | 109 img/s
18:35:53 step   6500/24000 | l1 0.1637 dice 0.4170 g 2.5211 | 109 img/s
18:36:22 step   6600/24000 | l1 0.1579 dice 0.4148 g 2.4588 | 109 img/s
18:36:51 step   6700/24000 | l1 0.1595 dice 0.4111 g 2.4678 | 110 img/s
18:37:20 step   6800/24000 | l1 0.1553 dice 0.4103 g 2.4224 | 108 img/s
18:37:50 step   6900/24000 | l1 0.1573 dice 0.4090 g 2.4411 | 110 img/s
18:38:19 step   7000/24000 | l1 0.1575 dice 0.4143 g 2.4519 | 108 img/s
18:38:49 step   7100/24000 | l1 0.1553 dice 0.4122 g 2.4265 | 109 img/s
18:39:18 step   7200/24000 | l1 0.1580 dice 0.4107 g 2.4516 | 109 img/s
18:39:47 step   7300/24000 | l1 0.1516 dice 0.4054 g 2.3764 | 110 img/s
18:40:16 step   7400/24000 | l1 0.1581 dice 0.4117 g 2.4551 | 109 img/s
18:40:45 step   7500/24000 | l1 0.1525 dice 0.4068 g 2.3878 | 111 img/s
18:41:15 step   7600/24000 | l1 0.1515 dice 0.4069 g 2.3772 | 109 img/s
18:41:44 step   7700/24000 | l1 0.1525 dice 0.4142 g 2.4021 | 109 img/s
18:42:13 step   7800/24000 | l1 0.1515 dice 0.4081 g 2.3821 | 108 img/s
18:42:42 step   7900/24000 | l1 0.1520 dice 0.4039 g 2.3774 | 110 img/s
18:43:12 step   8000/24000 | l1 0.1499 dice 0.4035 g 2.3545 | 110 img/s
18:43:19   eval @ 8000 | IoU 0.4890  L1 0.0551  coverage 1.511
18:43:21   new best IoU 0.4890
18:43:52 step   8100/24000 | l1 0.1508 dice 0.4038 g 2.3654 | 79 img/s
18:44:21 step   8200/24000 | l1 0.1526 dice 0.4054 g 2.3859 | 110 img/s
18:44:51 step   8300/24000 | l1 0.1474 dice 0.4039 g 2.3291 | 109 img/s
18:45:20 step   8400/24000 | l1 0.1516 dice 0.3966 g 2.3582 | 109 img/s
18:45:49 step   8500/24000 | l1 0.1476 dice 0.4000 g 2.3246 | 109 img/s
18:46:19 step   8600/24000 | l1 0.1486 dice 0.3979 g 2.3317 | 109 img/s
18:46:48 step   8700/24000 | l1 0.1482 dice 0.3983 g 2.3274 | 110 img/s
18:47:17 step   8800/24000 | l1 0.1489 dice 0.3995 g 2.3371 | 109 img/s
18:47:46 step   8900/24000 | l1 0.1465 dice 0.4003 g 2.3146 | 109 img/s
18:48:16 step   9000/24000 | l1 0.1481 dice 0.4095 g 2.3497 | 110 img/s
18:48:45 step   9100/24000 | l1 0.1486 dice 0.3994 g 2.3333 | 110 img/s
18:49:14 step   9200/24000 | l1 0.1477 dice 0.3969 g 2.3193 | 110 img/s
18:49:43 step   9300/24000 | l1 0.1486 dice 0.3920 g 2.3181 | 109 img/s
18:50:12 step   9400/24000 | l1 0.1463 dice 0.3951 g 2.3022 | 110 img/s
18:50:41 step   9500/24000 | l1 0.1472 dice 0.3970 g 2.3140 | 110 img/s
18:51:11 step   9600/24000 | l1 0.1456 dice 0.3895 g 2.2845 | 109 img/s
18:51:40 step   9700/24000 | l1 0.1455 dice 0.3852 g 2.2730 | 109 img/s
18:52:09 step   9800/24000 | l1 0.1447 dice 0.3909 g 2.2770 | 110 img/s
18:52:38 step   9900/24000 | l1 0.1456 dice 0.3919 g 2.2884 | 110 img/s
18:53:08 step  10000/24000 | l1 0.1476 dice 0.3886 g 2.3025 | 109 img/s
18:53:15   eval @ 10000 | IoU 0.4965  L1 0.0543  coverage 1.528
18:53:20   new best IoU 0.4965
18:53:56 step  10100/24000 | l1 0.1419 dice 0.3816 g 2.2311 | 66 img/s
18:54:26 step  10200/24000 | l1 0.1408 dice 0.3834 g 2.2225 | 109 img/s
