19:51:30 device: Tesla T4 (15.6 GB)
19:51:30 opened packed cache: 3028 fonts, 227100 glyphs
19:51:30 corpus: 2567 train fonts, 75 glyphs, image 128px
19:51:30 val set: 2040 glyphs from 40 fonts
19:51:31 generator: 31.36M params
19:51:32 warm-started generator from /content/runs/phase1/best.pt (its step 10000)
19:52:38 step    100/16000 | l1 0.2517 dice 0.4247 g 3.4210 | 49 img/s
19:53:06 step    200/16000 | l1 0.2318 dice 0.4244 g 3.2202 | 115 img/s
19:53:35 step    300/16000 | l1 0.2320 dice 0.4187 g 3.2100 | 111 img/s
19:54:04 step    400/16000 | l1 0.2294 dice 0.4176 g 3.1838 | 108 img/s
19:54:33 step    500/16000 | l1 0.2349 dice 0.4204 g 3.2429 | 110 img/s
19:55:02 step    600/16000 | l1 0.2385 dice 0.4370 g 3.3137 | 110 img/s
19:55:32 step    700/16000 | l1 0.2323 dice 0.4254 g 3.2283 | 110 img/s
19:56:01 step    800/16000 | l1 0.2326 dice 0.4206 g 3.2192 | 107 img/s
19:56:31 step    900/16000 | l1 0.2320 dice 0.4179 g 3.2090 | 109 img/s
19:57:00 step   1000/16000 | l1 0.2316 dice 0.4168 g 3.2029 | 110 img/s
19:57:29 step   1100/16000 | l1 0.2278 dice 0.4131 g 3.1563 | 109 img/s
19:57:59 step   1200/16000 | l1 0.2241 dice 0.4097 g 3.1136 | 109 img/s
19:58:28 step   1300/16000 | l1 0.2328 dice 0.4181 g 3.2183 | 110 img/s
19:58:57 step   1400/16000 | l1 0.2263 dice 0.4121 g 3.1409 | 109 img/s
19:59:26 step   1500/16000 | l1 0.2271 dice 0.4110 g 3.1448 | 110 img/s
19:59:55 step   1600/16000 | l1 0.2322 dice 0.4133 g 3.2016 | 109 img/s
20:00:25 step   1700/16000 | l1 0.2282 dice 0.4168 g 3.1693 | 110 img/s
20:00:54 step   1800/16000 | l1 0.2255 dice 0.4105 g 3.1283 | 109 img/s
20:01:23 step   1900/16000 | l1 0.2238 dice 0.4067 g 3.1037 | 109 img/s
20:02:01 step   2000/16000 | l1 0.2325 dice 0.4045 g 3.1859 | 84 img/s
20:02:12   eval @ 2000 | IoU 0.5172  L1 0.0497  coverage 1.194
20:02:14   new best IoU 0.5172
20:02:48 step   2100/16000 | l1 0.2249 dice 0.4103 g 3.1241 | 68 img/s
20:03:18 step   2200/16000 | l1 0.2241 dice 0.4073 g 3.1076 | 110 img/s
20:03:47 step   2300/16000 | l1 0.2221 dice 0.4013 g 3.0741 | 110 img/s
20:04:16 step   2400/16000 | l1 0.2249 dice 0.4073 g 3.1164 | 109 img/s
20:04:45 step   2500/16000 | l1 0.2215 dice 0.4072 g 3.0801 | 110 img/s
20:05:14 step   2600/16000 | l1 0.2269 dice 0.4103 g 3.1413 | 110 img/s
20:05:43 step   2700/16000 | l1 0.2245 dice 0.4065 g 3.1085 | 110 img/s
20:06:13 step   2800/16000 | l1 0.2223 dice 0.4112 g 3.0972 | 109 img/s
20:06:42 step   2900/16000 | l1 0.2208 dice 0.4038 g 3.0654 | 109 img/s
20:07:11 step   3000/16000 | l1 0.2210 dice 0.4097 g 3.0800 | 110 img/s
20:07:40 step   3100/16000 | l1 0.2186 dice 0.3931 g 3.0228 | 109 img/s
20:08:09 step   3200/16000 | l1 0.2195 dice 0.3957 g 3.0386 | 110 img/s
20:08:39 step   3300/16000 | l1 0.2189 dice 0.3985 g 3.0363 | 109 img/s
20:09:08 step   3400/16000 | l1 0.2186 dice 0.3906 g 3.0174 | 109 img/s
20:09:37 step   3500/16000 | l1 0.2192 dice 0.3942 g 3.0320 | 110 img/s
20:10:06 step   3600/16000 | l1 0.2210 dice 0.3974 g 3.0558 | 111 img/s
20:10:35 step   3700/16000 | l1 0.2199 dice 0.3961 g 3.0406 | 109 img/s
20:11:04 step   3800/16000 | l1 0.2175 dice 0.3918 g 3.0101 | 110 img/s
20:11:33 step   3900/16000 | l1 0.2200 dice 0.3909 g 3.0320 | 110 img/s
20:12:03 step   4000/16000 | l1 0.2167 dice 0.3881 g 2.9921 | 109 img/s
20:12:11   eval @ 4000 | IoU 0.5342  L1 0.0460  coverage 1.142
20:12:21   new best IoU 0.5342
20:12:53 step   4100/16000 | l1 0.2207 dice 0.3964 g 3.0518 | 64 img/s
20:13:22 step   4200/16000 | l1 0.2172 dice 0.3845 g 2.9912 | 108 img/s
20:13:51 step   4300/16000 | l1 0.2144 dice 0.3787 g 2.9479 | 110 img/s
20:14:20 step   4400/16000 | l1 0.2190 dice 0.3921 g 3.0254 | 110 img/s
20:14:50 step   4500/16000 | l1 0.2191 dice 0.3815 g 3.0036 | 110 img/s
20:15:24 step   4600/16000 | l1 0.2192 dice 0.3820 g 3.0031 | 94 img/s
20:15:53 step   4700/16000 | l1 0.2127 dice 0.3833 g 2.9437 | 109 img/s
20:16:22 step   4800/16000 | l1 0.2143 dice 0.3754 g 2.9415 | 110 img/s
20:16:51 step   4900/16000 | l1 0.2171 dice 0.3842 g 2.9886 | 109 img/s
20:17:21 step   5000/16000 | l1 0.2141 dice 0.3816 g 2.9524 | 109 img/s
20:17:50 step   5100/16000 | l1 0.2136 dice 0.3913 g 2.9666 | 110 img/s
20:18:19 step   5200/16000 | l1 0.2126 dice 0.3747 g 2.9230 | 110 img/s
20:18:48 step   5300/16000 | l1 0.2175 dice 0.3846 g 2.9932 | 109 img/s
20:19:18 step   5400/16000 | l1 0.2155 dice 0.3733 g 2.9502 | 109 img/s
20:19:47 step   5500/16000 | l1 0.2174 dice 0.3844 g 2.9922 | 110 img/s
20:20:16 step   5600/16000 | l1 0.2166 dice 0.3824 g 2.9805 | 110 img/s
20:20:45 step   5700/16000 | l1 0.2111 dice 0.3719 g 2.9032 | 110 img/s
20:21:14 step   5800/16000 | l1 0.2152 dice 0.3780 g 2.9541 | 109 img/s
20:21:43 step   5900/16000 | l1 0.2123 dice 0.3744 g 2.9194 | 110 img/s
20:22:12 step   6000/16000 | l1 0.2093 dice 0.3730 g 2.8870 | 110 img/s
20:22:20   eval @ 6000 | IoU 0.5461  L1 0.0448  coverage 1.149
20:22:26   new best IoU 0.5461
20:23:06 step   6100/16000 | l1 0.2102 dice 0.3702 g 2.8905 | 60 img/s
20:23:35 step   6200/16000 | l1 0.2159 dice 0.3868 g 2.9824 | 108 img/s
20:24:05 step   6300/16000 | l1 0.2073 dice 0.3759 g 2.8719 | 110 img/s
20:24:34 step   6400/16000 | l1 0.2131 dice 0.3801 g 2.9421 | 109 img/s
20:25:03 step   6500/16000 | l1 0.2152 dice 0.3724 g 2.9448 | 109 img/s
20:25:32 step   6600/16000 | l1 0.2094 dice 0.3728 g 2.8876 | 110 img/s
20:26:01 step   6700/16000 | l1 0.2117 dice 0.3651 g 2.8966 | 110 img/s
20:26:31 step   6800/16000 | l1 0.2096 dice 0.3676 g 2.8783 | 109 img/s
20:27:00 step   6900/16000 | l1 0.2095 dice 0.3662 g 2.8751 | 110 img/s
20:27:29 step   7000/16000 | l1 0.2109 dice 0.3725 g 2.9003 | 109 img/s
20:27:58 step   7100/16000 | l1 0.2076 dice 0.3711 g 2.8652 | 110 img/s
20:28:28 step   7200/16000 | l1 0.2084 dice 0.3658 g 2.8629 | 110 img/s
20:28:57 step   7300/16000 | l1 0.2083 dice 0.3686 g 2.8678 | 110 img/s
20:29:26 step   7400/16000 | l1 0.2115 dice 0.3715 g 2.9068 | 109 img/s
20:29:55 step   7500/16000 | l1 0.2041 dice 0.3644 g 2.8162 | 110 img/s
20:30:24 step   7600/16000 | l1 0.2063 dice 0.3676 g 2.8444 | 109 img/s
20:30:54 step   7700/16000 | l1 0.2081 dice 0.3784 g 2.8841 | 109 img/s
20:31:23 step   7800/16000 | l1 0.2064 dice 0.3668 g 2.8443 | 109 img/s
20:31:52 step   7900/16000 | l1 0.2073 dice 0.3647 g 2.8480 | 110 img/s
20:32:21 step   8000/16000 | l1 0.2031 dice 0.3633 g 2.8035 | 110 img/s
20:32:29   eval @ 8000 | IoU 0.5530  L1 0.0440  coverage 1.137
20:32:36   new best IoU 0.5530
20:33:11 step   8100/16000 | l1 0.2064 dice 0.3660 g 2.8436 | 65 img/s
20:33:40 step   8200/16000 | l1 0.2066 dice 0.3666 g 2.8449 | 109 img/s
20:34:09 step   8300/16000 | l1 0.1995 dice 0.3652 g 2.7710 | 110 img/s
20:34:39 step   8400/16000 | l1 0.2049 dice 0.3576 g 2.8100 | 109 img/s
20:35:08 step   8500/16000 | l1 0.2014 dice 0.3632 g 2.7856 | 109 img/s
20:35:37 step   8600/16000 | l1 0.2016 dice 0.3576 g 2.7779 | 109 img/s
20:36:07 step   8700/16000 | l1 0.1995 dice 0.3599 g 2.7596 | 110 img/s
20:36:36 step   8800/16000 | l1 0.2034 dice 0.3616 g 2.8034 | 110 img/s
20:37:05 step   8900/16000 | l1 0.2016 dice 0.3611 g 2.7841 | 109 img/s
20:37:34 step   9000/16000 | l1 0.2052 dice 0.3751 g 2.8496 | 110 img/s
20:38:03 step   9100/16000 | l1 0.2037 dice 0.3624 g 2.8078 | 110 img/s
20:38:33 step   9200/16000 | l1 0.2025 dice 0.3595 g 2.7903 | 110 img/s
20:39:02 step   9300/16000 | l1 0.2055 dice 0.3569 g 2.8148 | 109 img/s
20:39:31 step   9400/16000 | l1 0.2029 dice 0.3584 g 2.7916 | 109 img/s
20:40:00 step   9500/16000 | l1 0.2040 dice 0.3610 g 2.8073 | 109 img/s
20:40:30 step   9600/16000 | l1 0.2056 dice 0.3616 g 2.8259 | 109 img/s
20:40:59 step   9700/16000 | l1 0.2026 dice 0.3506 g 2.7730 | 109 img/s
20:41:28 step   9800/16000 | l1 0.2004 dice 0.3572 g 2.7644 | 110 img/s
20:41:57 step   9900/16000 | l1 0.2012 dice 0.3551 g 2.7681 | 110 img/s
20:42:26 step  10000/16000 | l1 0.2042 dice 0.3526 g 2.7935 | 109 img/s
20:42:34   eval @ 10000 | IoU 0.5576  L1 0.0439  coverage 1.156
20:42:41   new best IoU 0.5576
20:43:17 step  10100/16000 | l1 0.2011 dice 0.3466 g 2.7494 | 64 img/s
20:43:46 step  10200/16000 | l1 0.2021 dice 0.3540 g 2.7744 | 108 img/s
20:44:15 step  10300/16000 | l1 0.2015 dice 0.3573 g 2.7758 | 110 img/s
20:44:44 step  10400/16000 | l1 0.2013 dice 0.3538 g 2.7636 | 110 img/s
20:45:14 step  10500/16000 | l1 0.2000 dice 0.3543 g 2.7531 | 109 img/s
20:45:43 step  10600/16000 | l1 0.2000 dice 0.3586 g 2.7617 | 109 img/s
20:46:12 step  10700/16000 | l1 0.1981 dice 0.3569 g 2.7404 | 110 img/s
20:46:41 step  10800/16000 | l1 0.1987 dice 0.3521 g 2.7367 | 110 img/s
20:47:11 step  10900/16000 | l1 0.1994 dice 0.3470 g 2.7338 | 110 img/s
20:47:40 step  11000/16000 | l1 0.1959 dice 0.3514 g 2.7064 | 110 img/s
20:48:09 step  11100/16000 | l1 0.1998 dice 0.3501 g 2.7437 | 109 img/s
20:48:38 step  11200/16000 | l1 0.1991 dice 0.3525 g 2.7409 | 109 img/s
20:49:07 step  11300/16000 | l1 0.1942 dice 0.3489 g 2.6832 | 109 img/s
20:49:37 step  11400/16000 | l1 0.1960 dice 0.3508 g 2.7068 | 109 img/s
20:50:06 step  11500/16000 | l1 0.1975 dice 0.3426 g 2.7050 | 110 img/s
20:50:35 step  11600/16000 | l1 0.1949 dice 0.3457 g 2.6849 | 109 img/s
20:51:04 step  11700/16000 | l1 0.2011 dice 0.3540 g 2.7636 | 109 img/s
20:51:34 step  11800/16000 | l1 0.1944 dice 0.3516 g 2.6928 | 109 img/s
20:52:03 step  11900/16000 | l1 0.2014 dice 0.3556 g 2.7703 | 110 img/s
20:52:32 step  12000/16000 | l1 0.1973 dice 0.3511 g 2.7192 | 109 img/s
20:52:40   eval @ 12000 | IoU 0.5610  L1 0.0434  coverage 1.154
20:52:51   new best IoU 0.5610
20:53:26 step  12100/16000 | l1 0.1950 dice 0.3506 g 2.6947 | 59 img/s
20:53:55 step  12200/16000 | l1 0.1969 dice 0.3522 g 2.7183 | 109 img/s
20:54:24 step  12300/16000 | l1 0.1972 dice 0.3535 g 2.7229 | 111 img/s
20:54:54 step  12400/16000 | l1 0.1970 dice 0.3545 g 2.7237 | 109 img/s
20:55:23 step  12500/16000 | l1 0.1936 dice 0.3508 g 2.6820 | 109 img/s
20:55:52 step  12600/16000 | l1 0.1963 dice 0.3517 g 2.7113 | 110 img/s
20:56:21 step  12700/16000 | l1 0.1922 dice 0.3444 g 2.6539 | 110 img/s
20:56:50 step  12800/16000 | l1 0.1963 dice 0.3465 g 2.7010 | 109 img/s
20:57:20 step  12900/16000 | l1 0.1960 dice 0.3476 g 2.7003 | 107 img/s
20:57:49 step  13000/16000 | l1 0.1933 dice 0.3363 g 2.6508 | 110 img/s
20:58:19 step  13100/16000 | l1 0.1957 dice 0.3482 g 2.6979 | 110 img/s
20:58:48 step  13200/16000 | l1 0.1920 dice 0.3489 g 2.6612 | 110 img/s
20:59:17 step  13300/16000 | l1 0.1986 dice 0.3497 g 2.7290 | 110 img/s
20:59:46 step  13400/16000 | l1 0.1958 dice 0.3480 g 2.6980 | 108 img/s
21:00:16 step  13500/16000 | l1 0.1951 dice 0.3477 g 2.6912 | 109 img/s
21:00:53 step  13600/16000 | l1 0.1967 dice 0.3483 g 2.7077 | 86 img/s
21:01:22 step  13700/16000 | l1 0.1933 dice 0.3429 g 2.6639 | 108 img/s
21:01:51 step  13800/16000 | l1 0.1956 dice 0.3466 g 2.6944 | 110 img/s
21:02:21 step  13900/16000 | l1 0.1927 dice 0.3476 g 2.6657 | 109 img/s
21:02:50 step  14000/16000 | l1 0.1922 dice 0.3535 g 2.6739 | 109 img/s
21:02:58   eval @ 14000 | IoU 0.5643  L1 0.0430  coverage 1.157
21:03:00   new best IoU 0.5643
21:03:39 step  14100/16000 | l1 0.1947 dice 0.3448 g 2.6797 | 65 img/s
21:04:09 step  14200/16000 | l1 0.1974 dice 0.3458 g 2.7092 | 108 img/s
21:04:38 step  14300/16000 | l1 0.1930 dice 0.3425 g 2.6594 | 111 img/s
21:05:07 step  14400/16000 | l1 0.1952 dice 0.3433 g 2.6821 | 109 img/s
21:05:36 step  14500/16000 | l1 0.1907 dice 0.3380 g 2.6263 | 109 img/s
21:06:06 step  14600/16000 | l1 0.1910 dice 0.3302 g 2.6138 | 109 img/s
21:06:35 step  14700/16000 | l1 0.1894 dice 0.3395 g 2.6149 | 110 img/s
21:07:04 step  14800/16000 | l1 0.1890 dice 0.3398 g 2.6144 | 110 img/s
21:07:33 step  14900/16000 | l1 0.1859 dice 0.3301 g 2.5620 | 110 img/s
21:08:02 step  15000/16000 | l1 0.1917 dice 0.3469 g 2.6546 | 110 img/s
21:08:31 step  15100/16000 | l1 0.1940 dice 0.3385 g 2.6616 | 109 img/s
21:09:00 step  15200/16000 | l1 0.1896 dice 0.3457 g 2.6299 | 109 img/s
21:09:30 step  15300/16000 | l1 0.1933 dice 0.3388 g 2.6537 | 110 img/s
21:09:59 step  15400/16000 | l1 0.1928 dice 0.3447 g 2.6606 | 110 img/s
21:10:28 step  15500/16000 | l1 0.1954 dice 0.3403 g 2.6785 | 110 img/s
21:10:57 step  15600/16000 | l1 0.1952 dice 0.3405 g 2.6770 | 109 img/s
21:11:26 step  15700/16000 | l1 0.1943 dice 0.3434 g 2.6739 | 109 img/s
21:11:55 step  15800/16000 | l1 0.1917 dice 0.3404 g 2.6410 | 111 img/s
21:12:24 step  15900/16000 | l1 0.1930 dice 0.3454 g 2.6647 | 110 img/s
21:12:54 step  16000/16000 | l1 0.1905 dice 0.3376 g 2.6240 | 109 img/s
21:13:02   eval @ 16000 | IoU 0.5649  L1 0.0428  coverage 1.149
21:13:12   new best IoU 0.5649
21:13:20 training complete at step 16000 (best val IoU 0.5649)
